../Core/Src/main.c:98:5:main	8	static
../Core/Src/main.c:151:6:SystemClock_Config	88	static
../Core/Src/main.c:199:13:MX_TIM1_Init	96	static
../Core/Src/main.c:274:13:MX_TIM2_Init	32	static
../Core/Src/main.c:319:13:MX_TIM3_Init	64	static
../Core/Src/main.c:378:13:MX_TIM4_Init	64	static
../Core/Src/main.c:437:13:MX_TIM5_Init	48	static
../Core/Src/main.c:495:13:MX_TIM9_Init	24	static
../Core/Src/main.c:533:13:MX_TIM10_Init	24	static
../Core/Src/main.c:578:13:MX_TIM11_Init	24	static
../Core/Src/main.c:623:13:MX_USART2_UART_Init	8	static
../Core/Src/main.c:656:13:MX_GPIO_Init	48	static
../Core/Src/main.c:736:6:HAL_GPIO_EXTI_Callback	16	static
../Core/Src/main.c:875:6:HAL_UART_RxCpltCallback	24	static
../Core/Src/main.c:914:6:HAL_UART_TxCpltCallback	16	static,ignoring_inline_asm
../Core/Src/main.c:918:6:HAL_TIM_IC_CaptureCallback	16	static
../Core/Src/main.c:944:6:HAL_TIM_PeriodElapsedCallback	24	static
../Core/Src/main.c:962:6:Error_Handler	4	static,ignoring_inline_asm
